exports[`test Hand renders as before not on turn 1`] = `
<div
  className="pile">
  <p
    className="no-cards-message">
    No more cards
  </p>
</div>
`;

exports[`test Hand renders as before on turn 1`] = `
<div
  className="pile">
  <p
    className="no-cards-message">
    No more cards
  </p>
</div>
`;
