exports[`test join game page matches snapshot 1`] = `"<!DOCTYPE html><html lang=\"en\"><head><meta charset=\"utf-8\"><meta name=\"viewport\" content=\"width=device-width,initial-scale=1\"><link rel=\"shortcut icon\" href=\"/favicon.ico\"><title>React App</title><link href=\"/static/css/main.90dce555.css\" rel=\"stylesheet\"></head><body><div id=\"root\"><div data-reactroot=\"\" class=\"App\"><button class=\"player-join-button\">Join as player</button><button class=\"table-join-button\">Join as table</button></div></div><script type=\"text/javascript\" src=\"/static/js/main.83edb080.js\"></script></body></html>"`;
