exports[`test component renders as before with 1 player 1`] = `
<Unknown>
  <p
    className="number-of-players">
    undefined players joined so far
  </p>
  <p
    className="game-code-message">
    Enter this game code on another device to play
  </p>
  <p
    className="game-code" />
  <Connect(Component)
    action={
      Object {
        "type": "REQUEST_BEGIN_GAME",
      }
    }
    className="begin-button"
    res="Begin Game" />
</Unknown>
`;

exports[`test component renders as before with 2 players 1`] = `
<Unknown>
  <p
    className="number-of-players">
    undefined players joined so far
  </p>
  <p
    className="game-code-message">
    Enter this game code on another device to play
  </p>
  <p
    className="game-code" />
  <Connect(Component)
    action={
      Object {
        "type": "REQUEST_BEGIN_GAME",
      }
    }
    className="begin-button"
    res="Begin Game" />
</Unknown>
`;

exports[`test component renders as before with no players 1`] = `
<Unknown>
  <p
    className="number-of-players">
    undefined players joined so far
  </p>
  <p
    className="game-code-message">
    Enter this game code on another device to play
  </p>
  <p
    className="game-code" />
  <Connect(Component)
    action={
      Object {
        "type": "REQUEST_BEGIN_GAME",
      }
    }
    className="begin-button"
    res="Begin Game" />
</Unknown>
`;
